python.exe : Creating temporary archive of 474 file(s) totalling 8.9 MiB 
before compression.
En C:\Program Files (x86)\Google\Cloud SDK\google-cloud-sdk\bin\gcloud.ps1: 
114 Carácter: 3
+   & "$cloudsdk_python" $run_args_array
+   ~~~~~~~~~~~~~~~~~~~~~~~~~~~~~~~~~~~~
    + CategoryInfo          : NotSpecified: (Creating tempor...re compression. 
   :String) [], RemoteException
    + FullyQualifiedErrorId : NativeCommandError
 
Some files were not included in the source upload.

Check the gcloud log 
[C:\Desarrollo\proypers25\.gcloud-config\logs\2026.05.09\16.05.31.670639.log] 
to see which files and the contents of the
default gcloudignore file used (see `$ gcloud topic gcloudignore` to learn
more).

Uploading tarball of [.] to [gs://proypers2025_cloudbuild/source/1778353533.320
611-1981111cb3a8424baa23769886e58f69.tgz]
Created [https://cloudbuild.googleapis.com/v1/projects/proypers2025/locations/g
lobal/builds/f24c4477-4baa-4c30-b4fd-c8ad2fa01d0a].
Logs are available at [ https://console.cloud.google.com/cloud-build/builds/f24
c4477-4baa-4c30-b4fd-c8ad2fa01d0a?project=518292923158 ].

gcloud builds submit only displays logs from Cloud Storage. To view logs from 
Cloud Logging, run:
gcloud beta builds submit

Waiting for build to complete. Polling interval: 1 second(s).

BUILD FAILURE: Build step failure: build step 2 
"gcr.io/google.com/cloudsdktool/cloud-sdk" failed: step exited with non-zero 
status: 1
ERROR: (gcloud.builds.submit) build f24c4477-4baa-4c30-b4fd-c8ad2fa01d0a 
completed with status "FAILURE"
